// Jest Snapshot v1, https://jestjs.io/docs/snapshot-testing

exports[`JsonCollapse matches snapshot 1`] = `
<div
  className="json-collapse"
>
  <div
    className="collapse-buttons"
  >
    <Blueprint6.Button
      active={false}
      minimal={true}
      onClick={[Function]}
      text="test"
    />
  </div>
  <Blueprint6.Collapse
    isOpen={false}
  >
    <Blueprint6.TextArea
      autoResize={false}
      fill={false}
      large={false}
      readOnly={true}
      size="medium"
      small={false}
      value="{
  "name": "test"
}"
    />
  </Blueprint6.Collapse>
</div>
`;
