// Jest Snapshot v1, https://jestjs.io/docs/snapshot-testing

exports[`TimezoneMenuItems matches snapshot 1`] = `
[
  <Blueprint6.MenuItem
    icon="blank"
    label="Etc/UTC"
    onClick={[Function]}
    shouldDismissPopover={false}
    text="Default"
  />,
  <Blueprint6.MenuItem
    icon="blank"
    text="Named"
  >
    <Blueprint6.MenuItem
      icon="blank"
      label="UTC-8:00"
      onClick={[Function]}
      shouldDismissPopover={false}
      text="America/Juneau"
    />
    <Blueprint6.MenuItem
      icon="blank"
      label="UTC-7:00"
      onClick={[Function]}
      shouldDismissPopover={false}
      text="America/Los_Angeles"
    />
    <Blueprint6.MenuItem
      icon="blank"
      label="UTC-7:00"
      onClick={[Function]}
      shouldDismissPopover={false}
      text="America/Phoenix"
    />
    <Blueprint6.MenuItem
      icon="blank"
      label="UTC-6:00"
      onClick={[Function]}
      shouldDismissPopover={false}
      text="America/Yellowknife"
    />
    <Blueprint6.MenuItem
      icon="blank"
      label="UTC-6:00"
      onClick={[Function]}
      shouldDismissPopover={false}
      text="America/Denver"
    />
    <Blueprint6.MenuItem
      icon="blank"
      label="UTC-6:00"
      onClick={[Function]}
      shouldDismissPopover={false}
      text="America/Mexico_City"
    />
    <Blueprint6.MenuItem
      icon="blank"
      label="UTC-5:00"
      onClick={[Function]}
      shouldDismissPopover={false}
      text="America/Chicago"
    />
    <Blueprint6.MenuItem
      icon="blank"
      label="UTC-4:00"
      onClick={[Function]}
      shouldDismissPopover={false}
      text="America/New_York"
    />
    <Blueprint6.MenuItem
      icon="blank"
      label="UTC-3:00"
      onClick={[Function]}
      shouldDismissPopover={false}
      text="America/Argentina/Buenos_Aires"
    />
    <Blueprint6.MenuItem
      icon="blank"
      label="UTC+0:00"
      onClick={[Function]}
      shouldDismissPopover={false}
      text="Etc/UTC"
    />
    <Blueprint6.MenuItem
      icon="blank"
      label="UTC+0:00"
      onClick={[Function]}
      shouldDismissPopover={false}
      text={
        <React.Fragment>
          UTC
           
          <Blueprint6.Icon
            data-tooltip="Browser timezone"
            icon="star"
          />
        </React.Fragment>
      }
    />
    <Blueprint6.MenuItem
      icon="blank"
      label="UTC+1:00"
      onClick={[Function]}
      shouldDismissPopover={false}
      text="Europe/London"
    />
    <Blueprint6.MenuItem
      icon="blank"
      label="UTC+2:00"
      onClick={[Function]}
      shouldDismissPopover={false}
      text="Europe/Paris"
    />
    <Blueprint6.MenuItem
      icon="blank"
      label="UTC+3:00"
      onClick={[Function]}
      shouldDismissPopover={false}
      text="Asia/Jerusalem"
    />
    <Blueprint6.MenuItem
      icon="blank"
      label="UTC+5:30"
      onClick={[Function]}
      shouldDismissPopover={false}
      text="Asia/Kolkata"
    />
    <Blueprint6.MenuItem
      icon="blank"
      label="UTC+8:00"
      onClick={[Function]}
      shouldDismissPopover={false}
      text="Asia/Shanghai"
    />
    <Blueprint6.MenuItem
      icon="blank"
      label="UTC+8:00"
      onClick={[Function]}
      shouldDismissPopover={false}
      text="Asia/Hong_Kong"
    />
    <Blueprint6.MenuItem
      icon="blank"
      label="UTC+9:00"
      onClick={[Function]}
      shouldDismissPopover={false}
      text="Asia/Seoul"
    />
    <Blueprint6.MenuItem
      icon="blank"
      label="UTC+9:00"
      onClick={[Function]}
      shouldDismissPopover={false}
      text="Asia/Tokyo"
    />
    <Blueprint6.MenuItem
      icon="blank"
      label="UTC+10:00"
      onClick={[Function]}
      shouldDismissPopover={false}
      text="Pacific/Guam"
    />
    <Blueprint6.MenuItem
      icon="blank"
      label="UTC+10:00"
      onClick={[Function]}
      shouldDismissPopover={false}
      text="Australia/Sydney"
    />
  </Blueprint6.MenuItem>,
  <Blueprint6.MenuItem
    icon="blank"
    text="Offset"
  >
    <Blueprint6.MenuItem
      icon="blank"
      onClick={[Function]}
      shouldDismissPopover={false}
      text="-12:00"
    />
    <Blueprint6.MenuItem
      icon="blank"
      onClick={[Function]}
      shouldDismissPopover={false}
      text="-11:00"
    />
    <Blueprint6.MenuItem
      icon="blank"
      onClick={[Function]}
      shouldDismissPopover={false}
      text="-10:00"
    />
    <Blueprint6.MenuItem
      icon="blank"
      onClick={[Function]}
      shouldDismissPopover={false}
      text="-09:00"
    />
    <Blueprint6.MenuItem
      icon="blank"
      onClick={[Function]}
      shouldDismissPopover={false}
      text="-08:00"
    />
    <Blueprint6.MenuItem
      icon="blank"
      onClick={[Function]}
      shouldDismissPopover={false}
      text="-07:00"
    />
    <Blueprint6.MenuItem
      icon="blank"
      onClick={[Function]}
      shouldDismissPopover={false}
      text="-06:00"
    />
    <Blueprint6.MenuItem
      icon="blank"
      onClick={[Function]}
      shouldDismissPopover={false}
      text="-05:00"
    />
    <Blueprint6.MenuItem
      icon="blank"
      onClick={[Function]}
      shouldDismissPopover={false}
      text="-04:00"
    />
    <Blueprint6.MenuItem
      icon="blank"
      onClick={[Function]}
      shouldDismissPopover={false}
      text="-03:00"
    />
    <Blueprint6.MenuItem
      icon="blank"
      onClick={[Function]}
      shouldDismissPopover={false}
      text="-02:00"
    />
    <Blueprint6.MenuItem
      icon="blank"
      onClick={[Function]}
      shouldDismissPopover={false}
      text="-01:00"
    />
    <Blueprint6.MenuItem
      icon="blank"
      onClick={[Function]}
      shouldDismissPopover={false}
      text={
        <React.Fragment>
          +00:00
           
          <Blueprint6.Icon
            data-tooltip="Browser offset"
            icon="star"
          />
        </React.Fragment>
      }
    />
    <Blueprint6.MenuItem
      icon="blank"
      onClick={[Function]}
      shouldDismissPopover={false}
      text="+01:00"
    />
    <Blueprint6.MenuItem
      icon="blank"
      onClick={[Function]}
      shouldDismissPopover={false}
      text="+02:00"
    />
    <Blueprint6.MenuItem
      icon="blank"
      onClick={[Function]}
      shouldDismissPopover={false}
      text="+03:00"
    />
    <Blueprint6.MenuItem
      icon="blank"
      onClick={[Function]}
      shouldDismissPopover={false}
      text="+04:00"
    />
    <Blueprint6.MenuItem
      icon="blank"
      onClick={[Function]}
      shouldDismissPopover={false}
      text="+05:00"
    />
    <Blueprint6.MenuItem
      icon="blank"
      onClick={[Function]}
      shouldDismissPopover={false}
      text="+06:00"
    />
    <Blueprint6.MenuItem
      icon="blank"
      onClick={[Function]}
      shouldDismissPopover={false}
      text="+07:00"
    />
    <Blueprint6.MenuItem
      icon="blank"
      onClick={[Function]}
      shouldDismissPopover={false}
      text="+08:00"
    />
    <Blueprint6.MenuItem
      icon="blank"
      onClick={[Function]}
      shouldDismissPopover={false}
      text="+09:00"
    />
    <Blueprint6.MenuItem
      icon="blank"
      onClick={[Function]}
      shouldDismissPopover={false}
      text="+10:00"
    />
    <Blueprint6.MenuItem
      icon="blank"
      onClick={[Function]}
      shouldDismissPopover={false}
      text="+11:00"
    />
    <Blueprint6.MenuItem
      icon="blank"
      onClick={[Function]}
      shouldDismissPopover={false}
      text="+12:00"
    />
    <Blueprint6.MenuItem
      icon="blank"
      onClick={[Function]}
      shouldDismissPopover={false}
      text="+13:00"
    />
    <Blueprint6.MenuItem
      icon="blank"
      onClick={[Function]}
      shouldDismissPopover={false}
      text="+14:00"
    />
  </Blueprint6.MenuItem>,
]
`;
