// Jest Snapshot v1, https://jestjs.io/docs/snapshot-testing

exports[`FancyNumericInput matches snapshot 1`] = `
<Blueprint6.ControlGroup
  className="fancy-numeric-input bp6-numeric-input"
>
  <Blueprint6.InputGroup
    autoComplete="off"
    onBlur={[Function]}
    onChange={[Function]}
    onKeyDown={[Function]}
    value="5"
  />
  <Blueprint6.ButtonGroup
    className="bp6-fixed"
    vertical={true}
  >
    <Blueprint6.Button
      aria-label="increment"
      disabled={false}
      icon="chevron-up"
      onMouseDown={[Function]}
    />
    <Blueprint6.Button
      aria-label="decrement"
      disabled={false}
      icon="chevron-down"
      onMouseDown={[Function]}
    />
  </Blueprint6.ButtonGroup>
</Blueprint6.ControlGroup>
`;
