// Jest Snapshot v1, https://jestjs.io/docs/snapshot-testing

exports[`FormJsonSelector matches snapshot form json 1`] = `
<Blueprint6.FormGroup
  className="form-json-selector"
>
  <Blueprint6.ButtonGroup
    fill={true}
  >
    <Blueprint6.Button
      active={false}
      onClick={[Function]}
      text="Form"
    />
    <Blueprint6.Button
      active={true}
      onClick={[Function]}
      text="JSON"
    />
  </Blueprint6.ButtonGroup>
</Blueprint6.FormGroup>
`;

exports[`FormJsonSelector matches snapshot form tab 1`] = `
<Blueprint6.FormGroup
  className="form-json-selector"
>
  <Blueprint6.ButtonGroup
    fill={true}
  >
    <Blueprint6.Button
      active={true}
      onClick={[Function]}
      text="Form"
    />
    <Blueprint6.Button
      active={false}
      onClick={[Function]}
      text="JSON"
    />
  </Blueprint6.ButtonGroup>
</Blueprint6.FormGroup>
`;
