// Jest Snapshot v1, https://jestjs.io/docs/snapshot-testing

exports[`ColumnTree matches snapshot 1`] = `
<div
  className="column-tree"
>
  <Blueprint6.HTMLSelect
    className="schema-selector"
    fill={true}
    large={true}
    minimal={true}
    onChange={[Function]}
    value={0}
  >
    <option
      value={0}
    >
      druid
    </option>
    <option
      value={1}
    >
      sys
    </option>
  </Blueprint6.HTMLSelect>
  <Blueprint6.InputGroup
    className="search-box"
    onChange={[Function]}
    placeholder="Search"
    rightElement={
      <Blueprint6.ButtonGroup
        minimal={true}
      >
        <Blueprint6.Popover
          boundary="clippingParents"
          captureDismiss={false}
          content={
            <Blueprint6.Menu>
              <Blueprint6.MenuDivider
                title="Search in"
              />
              <Blueprint6.MenuItem
                icon="tick"
                onClick={[Function]}
                text="Tables and columns"
              />
              <Blueprint6.MenuItem
                icon="blank"
                onClick={[Function]}
                text="Tables only"
              />
              <Blueprint6.MenuItem
                icon="blank"
                onClick={[Function]}
                text="Columns only"
              />
            </Blueprint6.Menu>
          }
          defaultIsOpen={false}
          disabled={false}
          fill={false}
          hasBackdrop={false}
          hoverCloseDelay={300}
          hoverOpenDelay={150}
          inheritDarkTheme={true}
          interactionKind="click"
          matchTargetWidth={false}
          minimal={false}
          openOnTargetFocus={true}
          position="bottom-left"
          positioningStrategy="absolute"
          shouldReturnFocusOnClose={false}
          targetTagName="span"
          transitionDuration={300}
          usePortal={true}
        >
          <Blueprint6.Button
            data-tooltip="Search settings"
            icon="settings"
          />
        </Blueprint6.Popover>
      </Blueprint6.ButtonGroup>
    }
    value=""
  />
  <div
    className="tree-container"
  >
    <Blueprint6.Tree
      contents={
        [
          {
            "childNodes": [
              {
                "icon": <Blueprint6.Icon
                  aria-hidden={true}
                  className="bp6-tree-node-icon"
                  data-tooltip="TIMESTAMP"
                  icon="time"
                  tabIndex={-1}
                />,
                "id": "__time",
                "label": <Blueprint6.Popover
                  autoFocus={false}
                  boundary="clippingParents"
                  captureDismiss={false}
                  content={
                    <Memo(Deferred)
                      content={[Function]}
                    />
                  }
                  defaultIsOpen={false}
                  disabled={false}
                  fill={false}
                  hasBackdrop={false}
                  hoverCloseDelay={300}
                  hoverOpenDelay={150}
                  inheritDarkTheme={true}
                  interactionKind="click"
                  matchTargetWidth={false}
                  minimal={false}
                  openOnTargetFocus={true}
                  position="right"
                  positioningStrategy="absolute"
                  shouldReturnFocusOnClose={false}
                  targetTagName="span"
                  transitionDuration={300}
                  usePortal={true}
                >
                  __time
                </Blueprint6.Popover>,
              },
              {
                "icon": <Blueprint6.Icon
                  aria-hidden={true}
                  className="bp6-tree-node-icon"
                  data-tooltip="BIGINT"
                  icon="numerical"
                  tabIndex={-1}
                />,
                "id": "added",
                "label": <Blueprint6.Popover
                  autoFocus={false}
                  boundary="clippingParents"
                  captureDismiss={false}
                  content={
                    <Memo(Deferred)
                      content={[Function]}
                    />
                  }
                  defaultIsOpen={false}
                  disabled={false}
                  fill={false}
                  hasBackdrop={false}
                  hoverCloseDelay={300}
                  hoverOpenDelay={150}
                  inheritDarkTheme={true}
                  interactionKind="click"
                  matchTargetWidth={false}
                  minimal={false}
                  openOnTargetFocus={true}
                  position="right"
                  positioningStrategy="absolute"
                  shouldReturnFocusOnClose={false}
                  targetTagName="span"
                  transitionDuration={300}
                  usePortal={true}
                >
                  added
                </Blueprint6.Popover>,
              },
              {
                "icon": <Blueprint6.Icon
                  aria-hidden={true}
                  className="bp6-tree-node-icon"
                  data-tooltip="FLOAT"
                  icon="floating-point"
                  tabIndex={-1}
                />,
                "id": "addedBy10",
                "label": <Blueprint6.Popover
                  autoFocus={false}
                  boundary="clippingParents"
                  captureDismiss={false}
                  content={
                    <Memo(Deferred)
                      content={[Function]}
                    />
                  }
                  defaultIsOpen={false}
                  disabled={false}
                  fill={false}
                  hasBackdrop={false}
                  hoverCloseDelay={300}
                  hoverOpenDelay={150}
                  inheritDarkTheme={true}
                  interactionKind="click"
                  matchTargetWidth={false}
                  minimal={false}
                  openOnTargetFocus={true}
                  position="right"
                  positioningStrategy="absolute"
                  shouldReturnFocusOnClose={false}
                  targetTagName="span"
                  transitionDuration={300}
                  usePortal={true}
                >
                  addedBy10
                </Blueprint6.Popover>,
              },
            ],
            "className": undefined,
            "icon": "th",
            "id": "wikipedia",
            "isExpanded": true,
            "label": <Blueprint6.Popover
              boundary="clippingParents"
              captureDismiss={false}
              content={
                <Memo(Deferred)
                  content={[Function]}
                />
              }
              defaultIsOpen={false}
              disabled={false}
              fill={false}
              hasBackdrop={false}
              hoverCloseDelay={300}
              hoverOpenDelay={150}
              inheritDarkTheme={true}
              interactionKind="click"
              matchTargetWidth={false}
              minimal={false}
              openOnTargetFocus={true}
              position="right"
              positioningStrategy="absolute"
              shouldReturnFocusOnClose={false}
              targetTagName="span"
              transitionDuration={300}
              usePortal={true}
            >
              wikipedia
            </Blueprint6.Popover>,
          },
        ]
      }
      onNodeCollapse={[Function]}
      onNodeExpand={[Function]}
    />
  </div>
</div>
`;
