// Jest Snapshot v1, https://jestjs.io/docs/snapshot-testing

exports[`MaxTasksButton matches snapshot 1`] = `
<React.Fragment>
  <Blueprint6.Popover
    boundary="clippingParents"
    captureDismiss={false}
    className="max-tasks-button"
    content={
      <Blueprint6.Menu>
        <Blueprint6.MenuDivider
          title="Maximum number of tasks to launch"
        />
        <Blueprint6.MenuItem
          icon="tick"
          onClick={[Function]}
          shouldDismissPopover={true}
          text="6 (full cluster capacity)"
        />
        <Blueprint6.MenuItem
          icon="blank"
          label="(1 controller + 1 worker)"
          onClick={[Function]}
          shouldDismissPopover={true}
          text="2"
        />
        <Blueprint6.MenuItem
          icon="blank"
          label="(1 controller + max 2 workers)"
          onClick={[Function]}
          shouldDismissPopover={true}
          text="3"
        />
        <Blueprint6.MenuItem
          icon="blank"
          label="(1 controller + max 3 workers)"
          onClick={[Function]}
          shouldDismissPopover={true}
          text="4"
        />
        <Blueprint6.MenuItem
          icon="blank"
          label="(1 controller + max 4 workers)"
          onClick={[Function]}
          shouldDismissPopover={true}
          text="5"
        />
        <Blueprint6.MenuItem
          icon="blank"
          onClick={[Function]}
          text="Custom"
        />
        <Blueprint6.MenuDivider />
        <Blueprint6.MenuItem
          icon="flow-branch"
          label="Max"
          submenuProps={
            {
              "style": {
                "width": 300,
              },
            }
          }
          text="Task assignment"
        >
          <Blueprint6.MenuItem
            icon="tick"
            multiline={true}
            onClick={[Function]}
            text={
              <React.Fragment>
                <strong>
                  Max
                </strong>
                : uses the maximum possible tasks up to the specified limit.
              </React.Fragment>
            }
          />
          <Blueprint6.MenuItem
            icon="blank"
            multiline={true}
            onClick={[Function]}
            text={
              <React.Fragment>
                <strong>
                  Auto
                </strong>
                : uses the minimum number of tasks while
                 
                <span
                  onClick={[Function]}
                  style={
                    {
                      "color": "#3eadf9",
                      "cursor": "pointer",
                    }
                  }
                >
                  staying within constraints.
                </span>
              </React.Fragment>
            }
          />
        </Blueprint6.MenuItem>
      </Blueprint6.Menu>
    }
    defaultIsOpen={false}
    disabled={false}
    fill={false}
    hasBackdrop={false}
    hoverCloseDelay={300}
    hoverOpenDelay={150}
    inheritDarkTheme={true}
    interactionKind="click"
    matchTargetWidth={false}
    minimal={false}
    openOnTargetFocus={true}
    position="bottom-left"
    positioningStrategy="absolute"
    shouldReturnFocusOnClose={false}
    targetTagName="span"
    transitionDuration={300}
    usePortal={true}
  >
    <Blueprint6.Button
      rightIcon="caret-down"
      text="Max tasks: 6 (full cluster capacity)"
    />
  </Blueprint6.Popover>
</React.Fragment>
`;
