// Jest Snapshot v1, https://jestjs.io/docs/snapshot-testing

exports[`LookupsCard matches snapshot 1`] = `
<a
  class="home-view-card lookups-card"
  href="#lookups"
>
  <div
    class="bp6-card bp6-elevation-1 bp6-interactive"
  >
    <h5
      class="bp6-heading"
    >
      <span
        aria-hidden="true"
        class="bp6-icon bp6-icon-properties"
      >
        <svg
          data-icon="properties"
          fill="#bfccd5"
          height="16"
          role="img"
          viewBox="0 0 16 16"
          width="16"
        >
          <path
            d="M2 6C.9 6 0 6.9 0 8s.9 2 2 2 2-.9 2-2-.9-2-2-2m4-3h9c.55 0 1-.45 1-1s-.45-1-1-1H6c-.55 0-1 .45-1 1s.45 1 1 1m-4 9c-1.1 0-2 .9-2 2s.9 2 2 2 2-.9 2-2-.9-2-2-2m13-5H6c-.55 0-1 .45-1 1s.45 1 1 1h9c.55 0 1-.45 1-1s-.45-1-1-1m0 6H6c-.55 0-1 .45-1 1s.45 1 1 1h9c.55 0 1-.45 1-1s-.45-1-1-1M2 0C.9 0 0 .9 0 2s.9 2 2 2 2-.9 2-2-.9-2-2-2"
            fill-rule="evenodd"
          />
        </svg>
      </span>
       
      Lookups
    </h5>
    <p>
      Loading...
    </p>
  </div>
</a>
`;
