// Jest Snapshot v1, https://jestjs.io/docs/snapshot-testing

exports[`TimedButton matches snapshot 1`] = `
<Blueprint6.ButtonGroup
  className="timed-button"
>
  <Blueprint6.Button
    onClick={[Function]}
  />
  <Blueprint6.Popover
    boundary="clippingParents"
    captureDismiss={false}
    content={
      <Blueprint6.Menu>
        <Blueprint6.MenuDivider
          title="Select delay"
        />
        <Blueprint6.MenuItem
          icon="tick-circle"
          onClick={[Function]}
          text="timeValue"
        />
      </Blueprint6.Menu>
    }
    defaultIsOpen={false}
    disabled={false}
    fill={false}
    hasBackdrop={false}
    hoverCloseDelay={300}
    hoverOpenDelay={150}
    inheritDarkTheme={true}
    interactionKind="click"
    matchTargetWidth={false}
    minimal={false}
    openOnTargetFocus={true}
    positioningStrategy="absolute"
    shouldReturnFocusOnClose={false}
    targetTagName="span"
    transitionDuration={300}
    usePortal={true}
  >
    <Blueprint6.Button
      rightIcon="caret-down"
    />
  </Blueprint6.Popover>
</Blueprint6.ButtonGroup>
`;
